components/API/SettingsAPI.tsx(72,45): error TS7006: Parameter 'setting' implicitly has an 'any' type.
components/API/SettingsAPI.tsx(80,52): error TS7006: Parameter 'groups' implicitly has an 'any' type.
components/API/SettingsAPI.tsx(80,60): error TS7006: Parameter 'setting' implicitly has an 'any' type.
components/API/SettingsAPI.tsx(145,38): error TS7006: Parameter 's' implicitly has an 'any' type.
components/API/SettingsAPI.tsx(160,36): error TS7006: Parameter 's' implicitly has an 'any' type.
components/API/SettingsAPI.tsx(165,29): error TS7006: Parameter 's' implicitly has an 'any' type.
components/API/SettingsAPI.tsx(169,29): error TS7006: Parameter 's' implicitly has an 'any' type.
components/API/SettingsAPI.tsx(379,48): error TS2345: Argument of type '([groupName, groupSettings]: [string, SiteSetting[]]) => React.JSX.Element' is not assignable to parameter of type '(value: [string, unknown], index: number, array: [string, unknown][]) => Element'.
  Types of parameters '__0' and 'value' are incompatible.
    Type '[string, unknown]' is not assignable to type '[string, SiteSetting[]]'.
      Type at position 1 in source is not compatible with type at position 1 in target.
        Type 'unknown' is not assignable to type 'SiteSetting[]'.
components/API/UsersAPI.tsx(181,31): error TS7006: Parameter 'u' implicitly has an 'any' type.
components/API/UsersAPI.tsx(294,23): error TS7006: Parameter 'user' implicitly has an 'any' type.
components/BreakingNews/BreakingNewsBanner.tsx(120,30): error TS2339: Property 'link' does not exist on type 'BreakingNews'.
components/BreakingNews/BreakingNewsBanner.tsx(122,39): error TS2339: Property 'link' does not exist on type 'BreakingNews'.
components/BreakingNews/BreakingNewsBanner.tsx(124,41): error TS2339: Property 'link' does not exist on type 'BreakingNews'.
components/BreakingNews/BreakingNewsBanner.tsx(125,38): error TS2339: Property 'link' does not exist on type 'BreakingNews'.
components/Categories/CategoryCard.tsx(58,25): error TS2551: Property 'posts_count' does not exist on type 'Category'. Did you mean 'post_count'?
components/Categories/CategoryCard.tsx(58,54): error TS2551: Property 'posts_count' does not exist on type 'Category'. Did you mean 'post_count'?
components/Categories/CategoryCard.tsx(62,21): error TS2339: Property 'color' does not exist on type 'Category'.
components/Categories/CategoryCard.tsx(65,50): error TS2339: Property 'color' does not exist on type 'Category'.
components/Categories/CategoryCard.tsx(66,50): error TS2339: Property 'color' does not exist on type 'Category'.
components/Layout/Footer.tsx(20,31): error TS2307: Cannot find module '@/lib/api' or its corresponding type declarations.
components/Layout/Header.tsx(20,31): error TS2307: Cannot find module '@/lib/api' or its corresponding type declarations.
components/Posts/PostCard.tsx(84,37): error TS2339: Property 'name' does not exist on type 'User'.
context/AuthContext.tsx(7,25): error TS2307: Cannot find module '@/lib/api' or its corresponding type declarations.
context/SettingsContext.tsx(2,29): error TS2307: Cannot find module '../hooks/useSettings' or its corresponding type declarations.
pages/404.tsx(227,23): error TS2322: Type '{ key: number; post: Post; variant: string; showExcerpt: false; showAuthor: false; showStats: boolean; }' is not assignable to type 'IntrinsicAttributes & PostCardProps'.
  Property 'variant' does not exist on type 'IntrinsicAttributes & PostCardProps'.
pages/404.tsx(256,23): error TS2322: Type '{ key: number; category: Category; variant: string; }' is not assignable to type 'IntrinsicAttributes & CategoryCardProps'.
  Property 'variant' does not exist on type 'IntrinsicAttributes & CategoryCardProps'.
